// Jest Snapshot v1, https://goo.gl/fbAQLP

exports[`Pruebas en <AddCategoy /> Debe mostrarse correctamente 1`] = `
<form
  onSubmit={[Function]}
>
  <p />
  <input
    onChange={[Function]}
    onFocus={[Function]}
    placeholder="Search gifs"
    type="text"
    value=""
  />
</form>
`;
